// Jest Snapshot v1, https://goo.gl/fbAQLP

exports[`Languages should render the Languages 1`] = `
<Languages>
  <div>
    Here goes content for Languages
  </div>
</Languages>
`;
